interactions:
- request:
    body: null
    headers:
      Accept:
      - '*/*'
      Accept-Encoding:
      - gzip, deflate
      Connection:
      - keep-alive
      User-Agent:
      - python-requests/2.28.1
    method: GET
    uri: https://gnome.org/.well-known/org.flathub.VerifiedApps.txt
  response:
    body:
      string: c741630f-1756-44cb-a1f9-3641fb231cad
    headers:
      content-type:
      - text/html; charset=UTF-8
    status:
      code: 200
      message: OK
- request:
    body: null
    headers:
      Accept:
      - '*/*'
      Accept-Encoding:
      - gzip, deflate
      Connection:
      - keep-alive
      User-Agent:
      - python-requests/2.28.1
    method: GET
    uri: https://gnome.org/.well-known/org.flathub.VerifiedApps.txt
  response:
    body:
      string: c741630f-1756-44cb-a1f9-3641fb231cad
    headers:
      content-type:
      - text/html; charset=UTF-8
    status:
      code: 200
      message: OK
- request:
    body: null
    headers:
      Accept:
      - '*/*'
      Accept-Encoding:
      - gzip, deflate
      Connection:
      - keep-alive
      User-Agent:
      - python-requests/2.28.1
    method: GET
    uri: https://gnome.org/.well-known/org.flathub.VerifiedApps.txt
  response:
    body:
      string: c741630f-1756-44cb-a1f9-3641fb231cad
    headers:
      content-type:
      - text/html; charset=UTF-8
    status:
      code: 404
      message: Not Found